Category: 国军随缘更新, Name: CCTV-1, Total: 318, Valid: 59, Valid Percent: 18.55%, Whitelist: 0, IPv4: 63, IPv6: 255, Min Delay: 437 ms, Max Speed: 1.01 M/s, Avg Speed: 0.71 M/s, Max Resolution: 1920x1080
Category: 国军随缘更新, Name: CCTV-2, Total: 281, Valid: 47, Valid Percent: 16.73%, Whitelist: 0, IPv4: 50, IPv6: 231, Min Delay: 457 ms, Max Speed: 0.94 M/s, Avg Speed: 0.69 M/s, Max Resolution: 1920x1080
Category: 国军随缘更新, Name: CCTV-3, Total: 275, Valid: 48, Valid Percent: 17.45%, Whitelist: 0, IPv4: 51, IPv6: 224, Min Delay: 448 ms, Max Speed: 0.92 M/s, Avg Speed: 0.68 M/s, Max Resolution: 1920x1080
Category: 国军随缘更新, Name: CCTV-4, Total: 434, Valid: 51, Valid Percent: 11.75%, Whitelist: 0, IPv4: 59, IPv6: 375, Min Delay: 437 ms, Max Speed: 1.00 M/s, Avg Speed: 0.65 M/s, Max Resolution: 3840x2160
Category: 国军随缘更新, Name: CCTV-5, Total: 384, Valid: 43, Valid Percent: 11.20%, Whitelist: 0, IPv4: 47, IPv6: 337, Min Delay: 458 ms, Max Speed: 0.93 M/s, Avg Speed: 0.69 M/s, Max Resolution: 1920x1080
Category: 国军随缘更新, Name: CCTV-5+, Total: 189, Valid: 44, Valid Percent: 23.28%, Whitelist: 0, IPv4: 49, IPv6: 140, Min Delay: 51 ms, Max Speed: 95.44 M/s, Avg Speed: 6.95 M/s, Max Resolution: 1920x1080
Category: 国军随缘更新, Name: CCTV-6, Total: 282, Valid: 42, Valid Percent: 14.89%, Whitelist: 0, IPv4: 45, IPv6: 237, Min Delay: 454 ms, Max Speed: 0.93 M/s, Avg Speed: 0.64 M/s, Max Resolution: 1920x1080
Category: 国军随缘更新, Name: CCTV-7, Total: 252, Valid: 44, Valid Percent: 17.46%, Whitelist: 0, IPv4: 47, IPv6: 205, Min Delay: 455 ms, Max Speed: 0.92 M/s, Avg Speed: 0.63 M/s, Max Resolution: 1920x1080
Category: 国军随缘更新, Name: CCTV-8, Total: 267, Valid: 42, Valid Percent: 15.73%, Whitelist: 0, IPv4: 45, IPv6: 222, Min Delay: 443 ms, Max Speed: 0.97 M/s, Avg Speed: 0.66 M/s, Max Resolution: 1920x1080
Category: 国军随缘更新, Name: CCTV-9, Total: 246, Valid: 39, Valid Percent: 15.85%, Whitelist: 0, IPv4: 42, IPv6: 204, Min Delay: 430 ms, Max Speed: 1.00 M/s, Avg Speed: 0.67 M/s, Max Resolution: 1920x1080
Category: 国军随缘更新, Name: CCTV-10, Total: 249, Valid: 37, Valid Percent: 14.86%, Whitelist: 0, IPv4: 40, IPv6: 209, Min Delay: 455 ms, Max Speed: 1.00 M/s, Avg Speed: 0.66 M/s, Max Resolution: 1920x1080
Category: 国军随缘更新, Name: CCTV-11, Total: 266, Valid: 44, Valid Percent: 16.54%, Whitelist: 0, IPv4: 47, IPv6: 219, Min Delay: 443 ms, Max Speed: 1.00 M/s, Avg Speed: 0.69 M/s, Max Resolution: 1920x1080
Category: 国军随缘更新, Name: CCTV-12, Total: 268, Valid: 43, Valid Percent: 16.04%, Whitelist: 0, IPv4: 46, IPv6: 222, Min Delay: 441 ms, Max Speed: 1.04 M/s, Avg Speed: 0.67 M/s, Max Resolution: 1920x1080
Category: 国军随缘更新, Name: CCTV-13, Total: 338, Valid: 45, Valid Percent: 13.31%, Whitelist: 0, IPv4: 49, IPv6: 289, Min Delay: 102 ms, Max Speed: 53.02 M/s, Avg Speed: 1.81 M/s, Max Resolution: 1920x1080
Category: 国军随缘更新, Name: CCTV-14, Total: 254, Valid: 44, Valid Percent: 17.32%, Whitelist: 0, IPv4: 47, IPv6: 207, Min Delay: 439 ms, Max Speed: 1.04 M/s, Avg Speed: 0.69 M/s, Max Resolution: 1920x1080
Category: 国军随缘更新, Name: CCTV-15, Total: 256, Valid: 44, Valid Percent: 17.19%, Whitelist: 0, IPv4: 47, IPv6: 209, Min Delay: 45 ms, Max Speed: 101.10 M/s, Avg Speed: 2.92 M/s, Max Resolution: 1920x1080
Category: 国军随缘更新, Name: CCTV-16, Total: 125, Valid: 26, Valid Percent: 20.80%, Whitelist: 0, IPv4: 32, IPv6: 93, Min Delay: 56 ms, Max Speed: 104.27 M/s, Avg Speed: 8.28 M/s, Max Resolution: 3840x2160
Category: 国军随缘更新, Name: CCTV-17, Total: 277, Valid: 42, Valid Percent: 15.16%, Whitelist: 0, IPv4: 45, IPv6: 232, Min Delay: 327 ms, Max Speed: 26.93 M/s, Avg Speed: 1.32 M/s, Max Resolution: 1920x1080
Category: 国军随缘更新, Name: 广东卫视, Total: 687, Valid: 43, Valid Percent: 6.26%, Whitelist: 0, IPv4: 46, IPv6: 641, Min Delay: 443 ms, Max Speed: 0.97 M/s, Avg Speed: 0.64 M/s, Max Resolution: 1920x1080
Category: 国军随缘更新, Name: 香港卫视, Total: 18, Valid: 0, Valid Percent: 0.00%, Whitelist: 0, IPv4: 0, IPv6: 18, Min Delay: -1 ms, Max Speed: 0.00 M/s, Avg Speed: 0.00 M/s, Max Resolution: None
Category: 国军随缘更新, Name: 浙江卫视, Total: 676, Valid: 44, Valid Percent: 6.51%, Whitelist: 0, IPv4: 48, IPv6: 628, Min Delay: 449 ms, Max Speed: 1.91 M/s, Avg Speed: 0.70 M/s, Max Resolution: 3840x2160
Category: 国军随缘更新, Name: 湖南卫视, Total: 726, Valid: 47, Valid Percent: 6.47%, Whitelist: 0, IPv4: 53, IPv6: 673, Min Delay: 440 ms, Max Speed: 1.16 M/s, Avg Speed: 0.70 M/s, Max Resolution: 3840x2160
Category: 国军随缘更新, Name: 北京卫视, Total: 692, Valid: 53, Valid Percent: 7.66%, Whitelist: 0, IPv4: 57, IPv6: 635, Min Delay: 328 ms, Max Speed: 12.35 M/s, Avg Speed: 0.89 M/s, Max Resolution: 3840x2160
Category: 国军随缘更新, Name: 湖北卫视, Total: 626, Valid: 44, Valid Percent: 7.03%, Whitelist: 0, IPv4: 47, IPv6: 579, Min Delay: 438 ms, Max Speed: 1.06 M/s, Avg Speed: 0.66 M/s, Max Resolution: 1920x1080
Category: 国军随缘更新, Name: 黑龙江卫视, Total: 540, Valid: 35, Valid Percent: 6.48%, Whitelist: 0, IPv4: 38, IPv6: 502, Min Delay: 449 ms, Max Speed: 1.00 M/s, Avg Speed: 0.70 M/s, Max Resolution: 1920x1080
Category: 国军随缘更新, Name: 安徽卫视, Total: 516, Valid: 33, Valid Percent: 6.40%, Whitelist: 0, IPv4: 36, IPv6: 480, Min Delay: 454 ms, Max Speed: 1.00 M/s, Avg Speed: 0.62 M/s, Max Resolution: 1920x1080
Category: 国军随缘更新, Name: 重庆卫视, Total: 554, Valid: 38, Valid Percent: 6.86%, Whitelist: 0, IPv4: 41, IPv6: 513, Min Delay: 433 ms, Max Speed: 1.00 M/s, Avg Speed: 0.67 M/s, Max Resolution: 1920x1080
Category: 国军随缘更新, Name: 东方卫视, Total: 662, Valid: 47, Valid Percent: 7.10%, Whitelist: 0, IPv4: 50, IPv6: 612, Min Delay: 437 ms, Max Speed: 1.00 M/s, Avg Speed: 0.66 M/s, Max Resolution: 1920x1080
Category: 国军随缘更新, Name: 东南卫视, Total: 550, Valid: 44, Valid Percent: 8.00%, Whitelist: 0, IPv4: 47, IPv6: 503, Min Delay: 403 ms, Max Speed: 11.66 M/s, Avg Speed: 0.95 M/s, Max Resolution: 1920x1080
Category: 国军随缘更新, Name: 甘肃卫视, Total: 379, Valid: 18, Valid Percent: 4.75%, Whitelist: 0, IPv4: 21, IPv6: 358, Min Delay: 320 ms, Max Speed: 11.70 M/s, Avg Speed: 1.23 M/s, Max Resolution: 1920x1080
Category: 国军随缘更新, Name: 广西卫视, Total: 451, Valid: 34, Valid Percent: 7.54%, Whitelist: 0, IPv4: 38, IPv6: 413, Min Delay: 362 ms, Max Speed: 11.78 M/s, Avg Speed: 1.01 M/s, Max Resolution: 1920x1080
Category: 国军随缘更新, Name: 贵州卫视, Total: 499, Valid: 35, Valid Percent: 7.01%, Whitelist: 0, IPv4: 38, IPv6: 461, Min Delay: 444 ms, Max Speed: 0.99 M/s, Avg Speed: 0.73 M/s, Max Resolution: 1920x1080
Category: 国军随缘更新, Name: 海南卫视, Total: 607, Valid: 31, Valid Percent: 5.11%, Whitelist: 0, IPv4: 35, IPv6: 572, Min Delay: 465 ms, Max Speed: 0.94 M/s, Avg Speed: 0.66 M/s, Max Resolution: 1920x1080
Category: 国军随缘更新, Name: 河北卫视, Total: 583, Valid: 49, Valid Percent: 8.40%, Whitelist: 0, IPv4: 52, IPv6: 531, Min Delay: 442 ms, Max Speed: 1.06 M/s, Avg Speed: 0.69 M/s, Max Resolution: 1920x1080
Category: 国军随缘更新, Name: 河南卫视, Total: 649, Valid: 38, Valid Percent: 5.86%, Whitelist: 0, IPv4: 41, IPv6: 608, Min Delay: 454 ms, Max Speed: 0.96 M/s, Avg Speed: 0.68 M/s, Max Resolution: 1920x1080
Category: 国军随缘更新, Name: 吉林卫视, Total: 586, Valid: 36, Valid Percent: 6.14%, Whitelist: 0, IPv4: 39, IPv6: 547, Min Delay: 435 ms, Max Speed: 1.08 M/s, Avg Speed: 0.72 M/s, Max Resolution: 1920x1080
Category: 国军随缘更新, Name: 江苏卫视, Total: 700, Valid: 46, Valid Percent: 6.57%, Whitelist: 0, IPv4: 51, IPv6: 649, Min Delay: 346 ms, Max Speed: 11.77 M/s, Avg Speed: 1.16 M/s, Max Resolution: 1920x1080
Category: 国军随缘更新, Name: 江西卫视, Total: 661, Valid: 45, Valid Percent: 6.81%, Whitelist: 0, IPv4: 49, IPv6: 612, Min Delay: 123 ms, Max Speed: 60.70 M/s, Avg Speed: 2.04 M/s, Max Resolution: 1920x1080
Category: 国军随缘更新, Name: 辽宁卫视, Total: 634, Valid: 35, Valid Percent: 5.52%, Whitelist: 0, IPv4: 38, IPv6: 596, Min Delay: 442 ms, Max Speed: 1.00 M/s, Avg Speed: 0.71 M/s, Max Resolution: 1920x1080
Category: 国军随缘更新, Name: 内蒙古卫视, Total: 348, Valid: 4, Valid Percent: 1.15%, Whitelist: 0, IPv4: 6, IPv6: 342, Min Delay: 86 ms, Max Speed: 89.99 M/s, Avg Speed: 22.84 M/s, Max Resolution: 1920x1080
Category: 国军随缘更新, Name: 宁夏卫视, Total: 380, Valid: 3, Valid Percent: 0.79%, Whitelist: 0, IPv4: 5, IPv6: 375, Min Delay: 89 ms, Max Speed: 85.55 M/s, Avg Speed: 28.90 M/s, Max Resolution: 1920x1080
Category: 国军随缘更新, Name: 青海卫视, Total: 500, Valid: 21, Valid Percent: 4.20%, Whitelist: 0, IPv4: 22, IPv6: 478, Min Delay: 433 ms, Max Speed: 1.05 M/s, Avg Speed: 0.69 M/s, Max Resolution: 1920x1080
Category: 国军随缘更新, Name: 山东卫视, Total: 510, Valid: 35, Valid Percent: 6.86%, Whitelist: 0, IPv4: 38, IPv6: 472, Min Delay: 440 ms, Max Speed: 1.00 M/s, Avg Speed: 0.72 M/s, Max Resolution: 1920x1080
Category: 国军随缘更新, Name: 山西卫视, Total: 35, Valid: 8, Valid Percent: 22.86%, Whitelist: 0, IPv4: 8, IPv6: 27, Min Delay: 463 ms, Max Speed: 0.82 M/s, Avg Speed: 0.45 M/s, Max Resolution: 1920x1080
Category: 国军随缘更新, Name: 陕西卫视, Total: 144, Valid: 9, Valid Percent: 6.25%, Whitelist: 0, IPv4: 11, IPv6: 133, Min Delay: 458 ms, Max Speed: 0.86 M/s, Avg Speed: 0.58 M/s, Max Resolution: 1920x1080
Category: 国军随缘更新, Name: 四川卫视, Total: 517, Valid: 40, Valid Percent: 7.74%, Whitelist: 0, IPv4: 43, IPv6: 474, Min Delay: 127 ms, Max Speed: 63.53 M/s, Avg Speed: 2.25 M/s, Max Resolution: 3840x2160
Category: 国军随缘更新, Name: 深圳卫视, Total: 561, Valid: 49, Valid Percent: 8.73%, Whitelist: 0, IPv4: 52, IPv6: 509, Min Delay: 431 ms, Max Speed: 1.00 M/s, Avg Speed: 0.72 M/s, Max Resolution: 1920x1080
Category: 国军随缘更新, Name: 三沙卫视, Total: 365, Valid: 8, Valid Percent: 2.19%, Whitelist: 0, IPv4: 10, IPv6: 355, Min Delay: 432 ms, Max Speed: 1.02 M/s, Avg Speed: 0.67 M/s, Max Resolution: 1920x1080
Category: 国军随缘更新, Name: 天津卫视, Total: 544, Valid: 24, Valid Percent: 4.41%, Whitelist: 0, IPv4: 28, IPv6: 516, Min Delay: 426 ms, Max Speed: 12.94 M/s, Avg Speed: 1.14 M/s, Max Resolution: 1920x1080
Category: 国军随缘更新, Name: 西藏卫视, Total: 321, Valid: 6, Valid Percent: 1.87%, Whitelist: 0, IPv4: 8, IPv6: 313, Min Delay: 101 ms, Max Speed: 76.29 M/s, Avg Speed: 13.04 M/s, Max Resolution: 1920x1080
Category: 国军随缘更新, Name: 新疆卫视, Total: 318, Valid: 3, Valid Percent: 0.94%, Whitelist: 0, IPv4: 5, IPv6: 313, Min Delay: 86 ms, Max Speed: 76.35 M/s, Avg Speed: 25.85 M/s, Max Resolution: 1920x1080
Category: 国军随缘更新, Name: 云南卫视, Total: 442, Valid: 24, Valid Percent: 5.43%, Whitelist: 0, IPv4: 27, IPv6: 415, Min Delay: 434 ms, Max Speed: 1.01 M/s, Avg Speed: 0.72 M/s, Max Resolution: 1920x1080
Category: 国军随缘更新, Name: 凤凰卫视, Total: 17, Valid: 2, Valid Percent: 11.76%, Whitelist: 0, IPv4: 2, IPv6: 15, Min Delay: 54 ms, Max Speed: 92.94 M/s, Avg Speed: 46.61 M/s, Max Resolution: 1920x1080
Category: 国军随缘更新, Name: 凤凰中文, Total: 279, Valid: 0, Valid Percent: 0.00%, Whitelist: 0, IPv4: 4, IPv6: 275, Min Delay: 455 ms, Max Speed: 0.00 M/s, Avg Speed: 0.00 M/s, Max Resolution: 1920x1080
Category: 国军随缘更新, Name: 河南移动戏曲, Total: 67, Valid: 0, Valid Percent: 0.00%, Whitelist: 0, IPv4: 0, IPv6: 67, Min Delay: -1 ms, Max Speed: 0.00 M/s, Avg Speed: 0.00 M/s, Max Resolution: None
Category: 国军随缘更新, Name: 河南睛彩中原, Total: 3, Valid: 0, Valid Percent: 0.00%, Whitelist: 0, IPv4: 3, IPv6: 0, Min Delay: 494 ms, Max Speed: 0.00 M/s, Avg Speed: 0.00 M/s, Max Resolution: None
Category: 国军随缘更新, Name: 鹿邑新闻, Total: 1, Valid: 0, Valid Percent: 0.00%, Whitelist: 0, IPv4: 0, IPv6: 1, Min Delay: -1 ms, Max Speed: 0.00 M/s, Avg Speed: 0.00 M/s, Max Resolution: None
Category: 国军随缘更新, Name: 河南新闻, Total: 258, Valid: 1, Valid Percent: 0.39%, Whitelist: 0, IPv4: 1, IPv6: 257, Min Delay: 715 ms, Max Speed: 0.89 M/s, Avg Speed: 0.89 M/s, Max Resolution: 1920x1080
Category: 国军随缘更新, Name: 河南乡村, Total: 513, Valid: 0, Valid Percent: 0.00%, Whitelist: 0, IPv4: 0, IPv6: 513, Min Delay: -1 ms, Max Speed: 0.00 M/s, Avg Speed: 0.00 M/s, Max Resolution: None
Category: 国军随缘更新, Name: 河南戏曲, Total: 1, Valid: 0, Valid Percent: 0.00%, Whitelist: 0, IPv4: 0, IPv6: 1, Min Delay: -1 ms, Max Speed: 0.00 M/s, Avg Speed: 0.00 M/s, Max Resolution: None
Category: 国军随缘更新, Name: 河南法治, Total: 253, Valid: 0, Valid Percent: 0.00%, Whitelist: 0, IPv4: 0, IPv6: 253, Min Delay: -1 ms, Max Speed: 0.00 M/s, Avg Speed: 0.00 M/s, Max Resolution: None
Category: 国军随缘更新, Name: 河南公共, Total: 252, Valid: 0, Valid Percent: 0.00%, Whitelist: 0, IPv4: 0, IPv6: 252, Min Delay: -1 ms, Max Speed: 0.00 M/s, Avg Speed: 0.00 M/s, Max Resolution: None
Category: 国军随缘更新, Name: 河南电视剧, Total: 252, Valid: 0, Valid Percent: 0.00%, Whitelist: 0, IPv4: 0, IPv6: 252, Min Delay: -1 ms, Max Speed: 0.00 M/s, Avg Speed: 0.00 M/s, Max Resolution: None
Category: 国军随缘更新, Name: 周口新闻综合, Total: 7, Valid: 2, Valid Percent: 28.57%, Whitelist: 0, IPv4: 2, IPv6: 5, Min Delay: 459 ms, Max Speed: 0.79 M/s, Avg Speed: 0.45 M/s, Max Resolution: 1920x1080
Category: 国军随缘更新, Name: 北京影视, Total: 72, Valid: 0, Valid Percent: 0.00%, Whitelist: 0, IPv4: 0, IPv6: 72, Min Delay: -1 ms, Max Speed: 0.00 M/s, Avg Speed: 0.00 M/s, Max Resolution: None
Category: 国军随缘更新, Name: 北京IPTV淘电影, Total: 8, Valid: 8, Valid Percent: 100.00%, Whitelist: 0, IPv4: 8, IPv6: 0, Min Delay: 464 ms, Max Speed: 0.91 M/s, Avg Speed: 0.70 M/s, Max Resolution: 1920x1080
Category: 国军随缘更新, Name: 北京IPTV淘剧场, Total: 6, Valid: 6, Valid Percent: 100.00%, Whitelist: 0, IPv4: 6, IPv6: 0, Min Delay: 467 ms, Max Speed: 0.91 M/s, Avg Speed: 0.72 M/s, Max Resolution: 1920x1080
Category: 国军随缘更新, Name: 超级电视剧, Total: 3, Valid: 0, Valid Percent: 0.00%, Whitelist: 0, IPv4: 0, IPv6: 3, Min Delay: -1 ms, Max Speed: 0.00 M/s, Avg Speed: 0.00 M/s, Max Resolution: None
Category: 国军随缘更新, Name: 超级电影, Total: 1, Valid: 0, Valid Percent: 0.00%, Whitelist: 0, IPv4: 0, IPv6: 1, Min Delay: -1 ms, Max Speed: 0.00 M/s, Avg Speed: 0.00 M/s, Max Resolution: None
Category: 国军随缘更新, Name: 动作电影, Total: 3, Valid: 0, Valid Percent: 0.00%, Whitelist: 0, IPv4: 3, IPv6: 0, Min Delay: 438 ms, Max Speed: 0.00 M/s, Avg Speed: 0.00 M/s, Max Resolution: None
Category: 国军随缘更新, Name: 欢乐剧场, Total: 3, Valid: 0, Valid Percent: 0.00%, Whitelist: 0, IPv4: 0, IPv6: 3, Min Delay: -1 ms, Max Speed: 0.00 M/s, Avg Speed: 0.00 M/s, Max Resolution: None
Category: 国军随缘更新, Name: 潮妈辣婆, Total: 2, Valid: 0, Valid Percent: 0.00%, Whitelist: 0, IPv4: 0, IPv6: 2, Min Delay: -1 ms, Max Speed: 0.00 M/s, Avg Speed: 0.00 M/s, Max Resolution: None
Category: 国军随缘更新, Name: 成龙, Total: 2, Valid: 0, Valid Percent: 0.00%, Whitelist: 0, IPv4: 0, IPv6: 2, Min Delay: -1 ms, Max Speed: 0.00 M/s, Avg Speed: 0.00 M/s, Max Resolution: None
Category: 国军随缘更新, Name: 沈腾, Total: 2, Valid: 0, Valid Percent: 0.00%, Whitelist: 0, IPv4: 0, IPv6: 2, Min Delay: -1 ms, Max Speed: 0.00 M/s, Avg Speed: 0.00 M/s, Max Resolution: None
Category: 国军随缘更新, Name: 王晶, Total: 1, Valid: 0, Valid Percent: 0.00%, Whitelist: 0, IPv4: 0, IPv6: 1, Min Delay: -1 ms, Max Speed: 0.00 M/s, Avg Speed: 0.00 M/s, Max Resolution: None
Category: 国军随缘更新, Name: 周星驰, Total: 2, Valid: 0, Valid Percent: 0.00%, Whitelist: 0, IPv4: 0, IPv6: 2, Min Delay: -1 ms, Max Speed: 0.00 M/s, Avg Speed: 0.00 M/s, Max Resolution: None
Category: 国军随缘更新, Name: 李连杰, Total: 2, Valid: 0, Valid Percent: 0.00%, Whitelist: 0, IPv4: 0, IPv6: 2, Min Delay: -1 ms, Max Speed: 0.00 M/s, Avg Speed: 0.00 M/s, Max Resolution: None
Category: 国军随缘更新, Name: 刘德华, Total: 4, Valid: 0, Valid Percent: 0.00%, Whitelist: 0, IPv4: 0, IPv6: 4, Min Delay: -1 ms, Max Speed: 0.00 M/s, Avg Speed: 0.00 M/s, Max Resolution: None
Category: 国军随缘更新, Name: 周润发, Total: 6, Valid: 1, Valid Percent: 16.67%, Whitelist: 0, IPv4: 1, IPv6: 5, Min Delay: 368 ms, Max Speed: 9.78 M/s, Avg Speed: 9.78 M/s, Max Resolution: 1920x1080
Category: 国军随缘更新, Name: 庆余年, Total: 4, Valid: 0, Valid Percent: 0.00%, Whitelist: 0, IPv4: 0, IPv6: 4, Min Delay: -1 ms, Max Speed: 0.00 M/s, Avg Speed: 0.00 M/s, Max Resolution: None
Category: 国军随缘更新, Name: 林正英, Total: 2, Valid: 0, Valid Percent: 0.00%, Whitelist: 0, IPv4: 0, IPv6: 2, Min Delay: -1 ms, Max Speed: 0.00 M/s, Avg Speed: 0.00 M/s, Max Resolution: None
Category: 国军随缘更新, Name: 古天乐, Total: 2, Valid: 0, Valid Percent: 0.00%, Whitelist: 0, IPv4: 0, IPv6: 2, Min Delay: -1 ms, Max Speed: 0.00 M/s, Avg Speed: 0.00 M/s, Max Resolution: None
